// Jest Snapshot v1, https://goo.gl/fbAQLP

exports[`Snapshot testing and is everything rendering  Is snapshot the same 1`] = `
<div
  className="MuiPaper-root MuiPaper-elevation1 MuiPaper-rounded"
>
  <h3
    className="MuiTypography-root no-data-found MuiTypography-h5"
  >
    No data where available to display this component.
  </h3>
</div>
`;
